---
source: tui/src/app/session_usage_tests.rs
expression: "detail.iter().map(ToString::to_string).collect::<Vec<_>>().join(\"\\n\")"
---
Session usage · live
Root: root
Tokens, not a bill. Monetary cost unavailable without verified pricing.
Observed threads only; updates arrive after model responses, not per token.

Parent     1100 total · 1000 input · 800 cached · 100 output
Subagents  675 total · 600 input · 300 cached · 75 output
Total      1775 total · 1600 input · 1100 cached · 175 output

Usage by model
Parent · astra
  1100 total · 1000 input · 800 cached · 100 output
Subagents · luna
  675 total · 600 input · 300 cached · 75 output

Agents · completed agents remain included
Agent: /root/tests
  ID child · parent root
  Completed · current model luna · reasoning max · 1 observed turns · active time 2.5s
  luna: 450 total · 400 input · 200 cached · 50 output
    reasoning 0 (included in output) · cache writes 0 (provider counter)
Agent: /root/tests/check
  ID nested · parent child
  Completed · current model luna · reasoning max · 1 observed turns · active time 1.0s
  luna: 225 total · 200 input · 100 cached · 25 output
    reasoning 0 (included in output) · cache writes 0 (provider counter)
Parent: Coordinator
  ID root · parent —
  Running · current model astra · reasoning max · 1 observed turns · active time 10.0s
  astra: 1100 total · 1000 input · 800 cached · 100 output
    reasoning 0 (included in output) · cache writes 0 (provider counter)

Active time sums observed turns, including tool execution and waiting; it is not inference time.
Input includes cached input; total = input + output. Cache and reasoning are not added twice.
Unknown = history/model attribution unavailable. Closed agents are retained until this TUI exits.
