---
source: tui/src/app/session_usage_view_tests.rs
expression: terminal.backend()
---
"Session usage · live                                                                                "
"Root: parent                                                                                        "
"Tokens, not a bill. Monetary cost unavailable without verified pricing.                             "
"Observed threads only; updates arrive after model responses, not per token.                         "
"                                                                                                    "
"Parent     110 total · 100 input · 0 cached · 10 output                                             "
"Subagents  0 total · 0 input · 0 cached · 0 output                                                  "
"Total      110 total · 100 input · 0 cached · 10 output                                             "
"                                                                                                    "
"Usage by model                                                                                      "
"Parent · astra                                                                                      "
"  110 total · 100 input · 0 cached · 10 output                                                      "
"                                                                                                    "
"Agents · completed agents remain included                                                           "
"Parent: Coordinator                                                                                 "
"  ID parent · parent —                                                                              "
"  Completed · current model astra · reasoning unknown · 0 observed turns · active time 0.0s         "
"  astra: 110 total · 100 input · 0 cached · 10 output                                               "
"    reasoning 0 (included in output) · cache writes 0 (provider counter)                            "
"                                                                                                    "
"Active time sums observed turns, including tool execution and waiting; it is not inference time.    "
"Input includes cached input; total = input + output. Cache and reasoning are not added twice.       "
"Unknown = history/model attribution unavailable. Closed agents are retained until this TUI exits.   "
"                                                                                                    "
"                                                                                                    "
"                                                                                                    "
"                                                                                                    "
"                                                                                                    "
"                                                                                                    "
"                                                                                                    "
